Archive member included to satisfy reference by file (symbol)

c:/st/stm32cubeide_1.7.0/stm32cubeide/plugins/com.st.stm32cube.ide.mcu.externaltools.gnu-tools-for-stm32.9-2020-q2-update.win32_2.0.0.202105311346/tools/bin/../lib/gcc/arm-none-eabi/9.3.1/../../../../arm-none-eabi/lib/thumb/v7-m/nofp\libc_nano.a(lib_a-errno.o)
                              ./Core/Src/syscalls.o (__errno)
c:/st/stm32cubeide_1.7.0/stm32cubeide/plugins/com.st.stm32cube.ide.mcu.externaltools.gnu-tools-for-stm32.9-2020-q2-update.win32_2.0.0.202105311346/tools/bin/../lib/gcc/arm-none-eabi/9.3.1/../../../../arm-none-eabi/lib/thumb/v7-m/nofp\libc_nano.a(lib_a-exit.o)
                              c:/st/stm32cubeide_1.7.0/stm32cubeide/plugins/com.st.stm32cube.ide.mcu.externaltools.gnu-tools-for-stm32.9-2020-q2-update.win32_2.0.0.202105311346/tools/bin/../lib/gcc/arm-none-eabi/9.3.1/../../../../arm-none-eabi/lib/thumb/v7-m/nofp/crt0.o (exit)
c:/st/stm32cubeide_1.7.0/stm32cubeide/plugins/com.st.stm32cube.ide.mcu.externaltools.gnu-tools-for-stm32.9-2020-q2-update.win32_2.0.0.202105311346/tools/bin/../lib/gcc/arm-none-eabi/9.3.1/../../../../arm-none-eabi/lib/thumb/v7-m/nofp\libc_nano.a(lib_a-impure.o)
                              c:/st/stm32cubeide_1.7.0/stm32cubeide/plugins/com.st.stm32cube.ide.mcu.externaltools.gnu-tools-for-stm32.9-2020-q2-update.win32_2.0.0.202105311346/tools/bin/../lib/gcc/arm-none-eabi/9.3.1/../../../../arm-none-eabi/lib/thumb/v7-m/nofp\libc_nano.a(lib_a-exit.o) (_global_impure_ptr)
c:/st/stm32cubeide_1.7.0/stm32cubeide/plugins/com.st.stm32cube.ide.mcu.externaltools.gnu-tools-for-stm32.9-2020-q2-update.win32_2.0.0.202105311346/tools/bin/../lib/gcc/arm-none-eabi/9.3.1/../../../../arm-none-eabi/lib/thumb/v7-m/nofp\libc_nano.a(lib_a-init.o)
                              c:/st/stm32cubeide_1.7.0/stm32cubeide/plugins/com.st.stm32cube.ide.mcu.externaltools.gnu-tools-for-stm32.9-2020-q2-update.win32_2.0.0.202105311346/tools/bin/../lib/gcc/arm-none-eabi/9.3.1/../../../../arm-none-eabi/lib/thumb/v7-m/nofp/crt0.o (__libc_init_array)
c:/st/stm32cubeide_1.7.0/stm32cubeide/plugins/com.st.stm32cube.ide.mcu.externaltools.gnu-tools-for-stm32.9-2020-q2-update.win32_2.0.0.202105311346/tools/bin/../lib/gcc/arm-none-eabi/9.3.1/../../../../arm-none-eabi/lib/thumb/v7-m/nofp\libc_nano.a(lib_a-memset.o)
                              c:/st/stm32cubeide_1.7.0/stm32cubeide/plugins/com.st.stm32cube.ide.mcu.externaltools.gnu-tools-for-stm32.9-2020-q2-update.win32_2.0.0.202105311346/tools/bin/../lib/gcc/arm-none-eabi/9.3.1/../../../../arm-none-eabi/lib/thumb/v7-m/nofp/crt0.o (memset)

Allocating common symbols
Common symbol       size              file

TIMER_INTERRUPT     0x4               ./Core/Src/main.o
uwTick              0x4               ./Drivers/STM32F1xx_HAL_Driver/Src/stm32f1xx_hal.o
pFlash              0x20              ./Drivers/STM32F1xx_HAL_Driver/Src/stm32f1xx_hal_flash.o
led_buffer          0x10              ./Core/Src/7_seg_led.o
htim2               0x48              ./Core/Src/main.o

Discarded input sections

 .text          0x0000000000000000        0x0 c:/st/stm32cubeide_1.7.0/stm32cubeide/plugins/com.st.stm32cube.ide.mcu.externaltools.gnu-tools-for-stm32.9-2020-q2-update.win32_2.0.0.202105311346/tools/bin/../lib/gcc/arm-none-eabi/9.3.1/thumb/v7-m/nofp/crti.o
 .data          0x0000000000000000        0x0 c:/st/stm32cubeide_1.7.0/stm32cubeide/plugins/com.st.stm32cube.ide.mcu.externaltools.gnu-tools-for-stm32.9-2020-q2-update.win32_2.0.0.202105311346/tools/bin/../lib/gcc/arm-none-eabi/9.3.1/thumb/v7-m/nofp/crti.o
 .bss           0x0000000000000000        0x0 c:/st/stm32cubeide_1.7.0/stm32cubeide/plugins/com.st.stm32cube.ide.mcu.externaltools.gnu-tools-for-stm32.9-2020-q2-update.win32_2.0.0.202105311346/tools/bin/../lib/gcc/arm-none-eabi/9.3.1/thumb/v7-m/nofp/crti.o
 .data          0x0000000000000000        0x4 c:/st/stm32cubeide_1.7.0/stm32cubeide/plugins/com.st.stm32cube.ide.mcu.externaltools.gnu-tools-for-stm32.9-2020-q2-update.win32_2.0.0.202105311346/tools/bin/../lib/gcc/arm-none-eabi/9.3.1/thumb/v7-m/nofp/crtbegin.o
 .text          0x0000000000000000       0x7c c:/st/stm32cubeide_1.7.0/stm32cubeide/plugins/com.st.stm32cube.ide.mcu.externaltools.gnu-tools-for-stm32.9-2020-q2-update.win32_2.0.0.202105311346/tools/bin/../lib/gcc/arm-none-eabi/9.3.1/../../../../arm-none-eabi/lib/thumb/v7-m/nofp/crt0.o
 .data          0x0000000000000000        0x0 c:/st/stm32cubeide_1.7.0/stm32cubeide/plugins/com.st.stm32cube.ide.mcu.externaltools.gnu-tools-for-stm32.9-2020-q2-update.win32_2.0.0.202105311346/tools/bin/../lib/gcc/arm-none-eabi/9.3.1/../../../../arm-none-eabi/lib/thumb/v7-m/nofp/crt0.o
 .bss           0x0000000000000000        0x0 c:/st/stm32cubeide_1.7.0/stm32cubeide/plugins/com.st.stm32cube.ide.mcu.externaltools.gnu-tools-for-stm32.9-2020-q2-update.win32_2.0.0.202105311346/tools/bin/../lib/gcc/arm-none-eabi/9.3.1/../../../../arm-none-eabi/lib/thumb/v7-m/nofp/crt0.o
[...]
Memory Configuration

Name             Origin             Length             Attributes
RAM              0x0000000020000000 0x0000000000002800 xrw
FLASH            0x0000000008000000 0x0000000000008000 xr
*default*        0x0000000000000000 0xffffffffffffffff

Linker script and memory map

LOAD c:/st/stm32cubeide_1.7.0/stm32cubeide/plugins/com.st.stm32cube.ide.mcu.externaltools.gnu-tools-for-stm32.9-2020-q2-update.win32_2.0.0.202105311346/tools/bin/../lib/gcc/arm-none-eabi/9.3.1/thumb/v7-m/nofp/crti.o
LOAD c:/st/stm32cubeide_1.7.0/stm32cubeide/plugins/com.st.stm32cube.ide.mcu.externaltools.gnu-tools-for-stm32.9-2020-q2-update.win32_2.0.0.202105311346/tools/bin/../lib/gcc/arm-none-eabi/9.3.1/thumb/v7-m/nofp/crtbegin.o
LOAD c:/st/stm32cubeide_1.7.0/stm32cubeide/plugins/com.st.stm32cube.ide.mcu.externaltools.gnu-tools-for-stm32.9-2020-q2-update.win32_2.0.0.202105311346/tools/bin/../lib/gcc/arm-none-eabi/9.3.1/../../../../arm-none-eabi/lib/thumb/v7-m/nofp/crt0.o
LOAD ./Core/Src/7_seg_led.o
LOAD ./Core/Src/LED_traffic.o
LOAD ./Core/Src/handle_FSM.o
LOAD ./Core/Src/input_reading.o
LOAD ./Core/Src/main.o
LOAD ./Core/Src/software_timer.o
LOAD ./Core/Src/stm32f1xx_hal_msp.o
LOAD ./Core/Src/stm32f1xx_it.o
LOAD ./Core/Src/syscalls.o
LOAD ./Core/Src/sysmem.o
LOAD ./Core/Src/system_stm32f1xx.o
LOAD ./Core/Startup/startup_stm32f103c6ux.o
LOAD ./Drivers/STM32F1xx_HAL_Driver/Src/stm32f1xx_hal.o
LOAD ./Drivers/STM32F1xx_HAL_Driver/Src/stm32f1xx_hal_cortex.o
LOAD ./Drivers/STM32F1xx_HAL_Driver/Src/stm32f1xx_hal_dma.o
LOAD ./Drivers/STM32F1xx_HAL_Driver/Src/stm32f1xx_hal_exti.o
LOAD ./Drivers/STM32F1xx_HAL_Driver/Src/stm32f1xx_hal_flash.o
LOAD ./Drivers/STM32F1xx_HAL_Driver/Src/stm32f1xx_hal_flash_ex.o
LOAD ./Drivers/STM32F1xx_HAL_Driver/Src/stm32f1xx_hal_gpio.o
LOAD ./Drivers/STM32F1xx_HAL_Driver/Src/stm32f1xx_hal_gpio_ex.o
LOAD ./Drivers/STM32F1xx_HAL_Driver/Src/stm32f1xx_hal_pwr.o
LOAD ./Drivers/STM32F1xx_HAL_Driver/Src/stm32f1xx_hal_rcc.o
LOAD ./Drivers/STM32F1xx_HAL_Driver/Src/stm32f1xx_hal_rcc_ex.o
LOAD ./Drivers/STM32F1xx_HAL_Driver/Src/stm32f1xx_hal_tim.o
LOAD ./Drivers/STM32F1xx_HAL_Driver/Src/stm32f1xx_hal_tim_ex.o
START GROUP
LOAD c:/st/stm32cubeide_1.7.0/stm32cubeide/plugins/com.st.stm32cube.ide.mcu.externaltools.gnu-tools-for-stm32.9-2020-q2-update.win32_2.0.0.202105311346/tools/bin/../lib/gcc/arm-none-eabi/9.3.1/../../../../arm-none-eabi/lib/thumb/v7-m/nofp\libc_nano.a
LOAD c:/st/stm32cubeide_1.7.0/stm32cubeide/plugins/com.st.stm32cube.ide.mcu.externaltools.gnu-tools-for-stm32.9-2020-q2-update.win32_2.0.0.202105311346/tools/bin/../lib/gcc/arm-none-eabi/9.3.1/../../../../arm-none-eabi/lib/thumb/v7-m/nofp\libm.a
END GROUP
START GROUP
LOAD c:/st/stm32cubeide_1.7.0/stm32cubeide/plugins/com.st.stm32cube.ide.mcu.externaltools.gnu-tools-for-stm32.9-2020-q2-update.win32_2.0.0.202105311346/tools/bin/../lib/gcc/arm-none-eabi/9.3.1/thumb/v7-m/nofp\libgcc.a
LOAD c:/st/stm32cubeide_1.7.0/stm32cubeide/plugins/com.st.stm32cube.ide.mcu.externaltools.gnu-tools-for-stm32.9-2020-q2-update.win32_2.0.0.202105311346/tools/bin/../lib/gcc/arm-none-eabi/9.3.1/../../../../arm-none-eabi/lib/thumb/v7-m/nofp\libc_nano.a
END GROUP
START GROUP
LOAD c:/st/stm32cubeide_1.7.0/stm32cubeide/plugins/com.st.stm32cube.ide.mcu.externaltools.gnu-tools-for-stm32.9-2020-q2-update.win32_2.0.0.202105311346/tools/bin/../lib/gcc/arm-none-eabi/9.3.1/thumb/v7-m/nofp\libgcc.a
LOAD c:/st/stm32cubeide_1.7.0/stm32cubeide/plugins/com.st.stm32cube.ide.mcu.externaltools.gnu-tools-for-stm32.9-2020-q2-update.win32_2.0.0.202105311346/tools/bin/../lib/gcc/arm-none-eabi/9.3.1/../../../../arm-none-eabi/lib/thumb/v7-m/nofp\libc_nano.a
LOAD c:/st/stm32cubeide_1.7.0/stm32cubeide/plugins/com.st.stm32cube.ide.mcu.externaltools.gnu-tools-for-stm32.9-2020-q2-update.win32_2.0.0.202105311346/tools/bin/../lib/gcc/arm-none-eabi/9.3.1/../../../../arm-none-eabi/lib/thumb/v7-m/nofp\libnosys.a
END GROUP
START GROUP
LOAD c:/st/stm32cubeide_1.7.0/stm32cubeide/plugins/com.st.stm32cube.ide.mcu.externaltools.gnu-tools-for-stm32.9-2020-q2-update.win32_2.0.0.202105311346/tools/bin/../lib/gcc/arm-none-eabi/9.3.1/thumb/v7-m/nofp\libgcc.a
LOAD c:/st/stm32cubeide_1.7.0/stm32cubeide/plugins/com.st.stm32cube.ide.mcu.externaltools.gnu-tools-for-stm32.9-2020-q2-update.win32_2.0.0.202105311346/tools/bin/../lib/gcc/arm-none-eabi/9.3.1/../../../../arm-none-eabi/lib/thumb/v7-m/nofp\libc_nano.a
LOAD c:/st/stm32cubeide_1.7.0/stm32cubeide/plugins/com.st.stm32cube.ide.mcu.externaltools.gnu-tools-for-stm32.9-2020-q2-update.win32_2.0.0.202105311346/tools/bin/../lib/gcc/arm-none-eabi/9.3.1/../../../../arm-none-eabi/lib/thumb/v7-m/nofp\libnosys.a
END GROUP
LOAD c:/st/stm32cubeide_1.7.0/stm32cubeide/plugins/com.st.stm32cube.ide.mcu.externaltools.gnu-tools-for-stm32.9-2020-q2-update.win32_2.0.0.202105311346/tools/bin/../lib/gcc/arm-none-eabi/9.3.1/thumb/v7-m/nofp/crtend.o
LOAD c:/st/stm32cubeide_1.7.0/stm32cubeide/plugins/com.st.stm32cube.ide.mcu.externaltools.gnu-tools-for-stm32.9-2020-q2-update.win32_2.0.0.202105311346/tools/bin/../lib/gcc/arm-none-eabi/9.3.1/thumb/v7-m/nofp/crtn.o
                0x0000000020002800                _estack = (ORIGIN (RAM) + LENGTH (RAM))
                0x0000000000000200                _Min_Heap_Size = 0x200
                0x0000000000000400                _Min_Stack_Size = 0x400

.isr_vector     0x0000000008000000      0x10c
                0x0000000008000000                . = ALIGN (0x4)
 *(.isr_vector)
 .isr_vector    0x0000000008000000      0x10c ./Core/Startup/startup_stm32f103c6ux.o
                0x0000000008000000                g_pfnVectors
                0x000000000800010c                . = ALIGN (0x4)

.text           0x000000000800010c     0x2e74
                0x000000000800010c                . = ALIGN (0x4)
 *(.text)
 .text          0x000000000800010c       0x40 c:/st/stm32cubeide_1.7.0/stm32cubeide/plugins/com.st.stm32cube.ide.mcu.externaltools.gnu-tools-for-stm32.9-2020-q2-update.win32_2.0.0.202105311346/tools/bin/../lib/gcc/arm-none-eabi/9.3.1/thumb/v7-m/nofp/crtbegin.o
 *(.text*)
 .text.off_all_7seg
                0x000000000800014c       0x3c ./Core/Src/7_seg_led.o
                0x000000000800014c                off_all_7seg
 .text.update_buffer_7seg
                0x0000000008000188       0x78 ./Core/Src/7_seg_led.o
                0x0000000008000188                update_buffer_7seg
 .text.display7SEG_1
                0x0000000008000200      0x31c ./Core/Src/7_seg_led.o
                0x0000000008000200                display7SEG_1
 .text.display7SEG_2
                0x000000000800051c      0x394 ./Core/Src/7_seg_led.o
                0x000000000800051c                display7SEG_2
 .text.display_7segled
                0x00000000080008b0       0xa8 ./Core/Src/7_seg_led.o
                0x00000000080008b0                display_7segled
 .text.off_all_led
                0x0000000008000958       0x48 ./Core/Src/LED_traffic.o
                0x0000000008000958                off_all_led
 .text.on_red_1
                0x00000000080009a0       0x2c ./Core/Src/LED_traffic.o
                0x00000000080009a0                on_red_1
 .text.on_amber_1
                0x00000000080009cc       0x2c ./Core/Src/LED_traffic.o
                0x00000000080009cc                on_amber_1
 .text.on_green_1
                0x00000000080009f8       0x2c ./Core/Src/LED_traffic.o
                0x00000000080009f8                on_green_1
 .text.on_red_2
                0x0000000008000a24       0x2c ./Core/Src/LED_traffic.o
                0x0000000008000a24                on_red_2
 .text.on_amber_2
                0x0000000008000a50       0x2c ./Core/Src/LED_traffic.o
                0x0000000008000a50                on_amber_2
 .text.on_green_2
                0x0000000008000a7c       0x2c ./Core/Src/LED_traffic.o
                0x0000000008000a7c                on_green_2
 .text.toggle_led_red
                0x0000000008000aa8       0x44 ./Core/Src/LED_traffic.o
                0x0000000008000aa8                toggle_led_red
 .text.toggle_led_amber
                0x0000000008000aec       0x44 ./Core/Src/LED_traffic.o
                0x0000000008000aec                toggle_led_amber
 .text.toggle_led_green
                0x0000000008000b30       0x44 ./Core/Src/LED_traffic.o
                0x0000000008000b30                toggle_led_green
 .text.handle_FSM
                0x0000000008000b74      0x790 ./Core/Src/handle_FSM.o
                0x0000000008000b74                handle_FSM
 .text.is_button_pressed
                0x0000000008001304       0x34 ./Core/Src/input_reading.o
                0x0000000008001304                is_button_pressed
 .text.subKeyProcess
                0x0000000008001338       0x20 ./Core/Src/input_reading.o
                0x0000000008001338                subKeyProcess
 .text.getKeyInput
                0x0000000008001358      0x118 ./Core/Src/input_reading.o
                0x0000000008001358                getKeyInput
 .text.main     0x0000000008001470       0x24 ./Core/Src/main.o
                0x0000000008001470                main
 .text.SystemClock_Config
                0x0000000008001494       0x76 ./Core/Src/main.o
                0x0000000008001494                SystemClock_Config
 *fill*         0x000000000800150a        0x2 
 .text.MX_TIM2_Init
                0x000000000800150c       0xc8 ./Core/Src/main.o
 .text.MX_GPIO_Init
                0x00000000080015d4       0xc8 ./Core/Src/main.o
 .text.HAL_TIM_PeriodElapsedCallback
                0x000000000800169c       0x18 ./Core/Src/main.o
                0x000000000800169c                HAL_TIM_PeriodElapsedCallback
 .text.Error_Handler
                0x00000000080016b4        0xa ./Core/Src/main.o
                0x00000000080016b4                Error_Handler
 *fill*         0x00000000080016be        0x2 
 .text.setTimer_transfer
                0x00000000080016c0       0x28 ./Core/Src/software_timer.o
                0x00000000080016c0                setTimer_transfer
 .text.setTimer_display_7seg
                0x00000000080016e8       0x28 ./Core/Src/software_timer.o
                0x00000000080016e8                setTimer_display_7seg
 .text.setTimer_led_man
                0x0000000008001710       0x28 ./Core/Src/software_timer.o
                0x0000000008001710                setTimer_led_man
 .text.timer_run
                0x0000000008001738       0x84 ./Core/Src/software_timer.o
                0x0000000008001738                timer_run
 .text.HAL_MspInit
                0x00000000080017bc       0x64 ./Core/Src/stm32f1xx_hal_msp.o
                0x00000000080017bc                HAL_MspInit
 .text.HAL_TIM_Base_MspInit
                0x0000000008001820       0x48 ./Core/Src/stm32f1xx_hal_msp.o
                0x0000000008001820                HAL_TIM_Base_MspInit
 .text.NMI_Handler
                0x0000000008001868        0x6 ./Core/Src/stm32f1xx_it.o
                0x0000000008001868                NMI_Handler
 .text.HardFault_Handler
                0x000000000800186e        0x6 ./Core/Src/stm32f1xx_it.o
                0x000000000800186e                HardFault_Handler
 .text.MemManage_Handler
                0x0000000008001874        0x6 ./Core/Src/stm32f1xx_it.o
                0x0000000008001874                MemManage_Handler
 .text.BusFault_Handler
                0x000000000800187a        0x6 ./Core/Src/stm32f1xx_it.o
                0x000000000800187a                BusFault_Handler
 .text.UsageFault_Handler
                0x0000000008001880        0x6 ./Core/Src/stm32f1xx_it.o
                0x0000000008001880                UsageFault_Handler
 .text.SVC_Handler
                0x0000000008001886        0xc ./Core/Src/stm32f1xx_it.o
                0x0000000008001886                SVC_Handler
 .text.DebugMon_Handler
                0x0000000008001892        0xc ./Core/Src/stm32f1xx_it.o
                0x0000000008001892                DebugMon_Handler
 .text.PendSV_Handler
                0x000000000800189e        0xc ./Core/Src/stm32f1xx_it.o
                0x000000000800189e                PendSV_Handler
 .text.SysTick_Handler
                0x00000000080018aa        0xc ./Core/Src/stm32f1xx_it.o
                0x00000000080018aa                SysTick_Handler
 *fill*         0x00000000080018b6        0x2 
 .text.TIM2_IRQHandler
                0x00000000080018b8       0x14 ./Core/Src/stm32f1xx_it.o
                0x00000000080018b8                TIM2_IRQHandler
 .text.SystemInit
                0x00000000080018cc        0xc ./Core/Src/system_stm32f1xx.o
                0x00000000080018cc                SystemInit
 .text.Reset_Handler
                0x00000000080018d8       0x48 ./Core/Startup/startup_stm32f103c6ux.o
                0x00000000080018d8                Reset_Handler
 .text.Default_Handler
                0x0000000008001920        0x2 ./Core/Startup/startup_stm32f103c6ux.o
                0x0000000008001920                RTC_Alarm_IRQHandler
                0x0000000008001920                EXTI2_IRQHandler
                0x0000000008001920                TIM1_CC_IRQHandler
                0x0000000008001920                PVD_IRQHandler
                0x0000000008001920                EXTI3_IRQHandler
                0x0000000008001920                EXTI0_IRQHandler
                0x0000000008001920                ADC1_2_IRQHandler
                0x0000000008001920                SPI1_IRQHandler
                0x0000000008001920                TAMPER_IRQHandler
                0x0000000008001920                DMA1_Channel4_IRQHandler
                0x0000000008001920                RTC_IRQHandler
                0x0000000008001920                DMA1_Channel7_IRQHandler
                0x0000000008001920                CAN1_RX1_IRQHandler
                0x0000000008001920                I2C1_EV_IRQHandler
                0x0000000008001920                DMA1_Channel6_IRQHandler
                0x0000000008001920                TIM3_IRQHandler
                0x0000000008001920                RCC_IRQHandler
                0x0000000008001920                TIM1_TRG_COM_IRQHandler
                0x0000000008001920                DMA1_Channel1_IRQHandler
                0x0000000008001920                Default_Handler
                0x0000000008001920                EXTI15_10_IRQHandler
                0x0000000008001920                EXTI9_5_IRQHandler
                0x0000000008001920                DMA1_Channel5_IRQHandler
                0x0000000008001920                EXTI4_IRQHandler
                0x0000000008001920                USB_LP_CAN1_RX0_IRQHandler
                0x0000000008001920                USB_HP_CAN1_TX_IRQHandler
                0x0000000008001920                DMA1_Channel3_IRQHandler
                0x0000000008001920                TIM1_UP_IRQHandler
                0x0000000008001920                WWDG_IRQHandler
                0x0000000008001920                TIM1_BRK_IRQHandler
                0x0000000008001920                EXTI1_IRQHandler
                0x0000000008001920                USART2_IRQHandler
                0x0000000008001920                DMA1_Channel2_IRQHandler
                0x0000000008001920                CAN1_SCE_IRQHandler
                0x0000000008001920                FLASH_IRQHandler
                0x0000000008001920                USART1_IRQHandler
                0x0000000008001920                I2C1_ER_IRQHandler
                0x0000000008001920                USBWakeUp_IRQHandler
 *fill*         0x0000000008001922        0x2 
 .text.HAL_Init
                0x0000000008001924       0x2c ./Drivers/STM32F1xx_HAL_Driver/Src/stm32f1xx_hal.o
                0x0000000008001924                HAL_Init
 .text.HAL_InitTick
                0x0000000008001950       0x60 ./Drivers/STM32F1xx_HAL_Driver/Src/stm32f1xx_hal.o
                0x0000000008001950                HAL_InitTick
 .text.HAL_IncTick
                0x00000000080019b0       0x24 ./Drivers/STM32F1xx_HAL_Driver/Src/stm32f1xx_hal.o
                0x00000000080019b0                HAL_IncTick
 .text.HAL_GetTick
                0x00000000080019d4       0x14 ./Drivers/STM32F1xx_HAL_Driver/Src/stm32f1xx_hal.o
                0x00000000080019d4                HAL_GetTick
 .text.__NVIC_SetPriorityGrouping
                0x00000000080019e8       0x48 ./Drivers/STM32F1xx_HAL_Driver/Src/stm32f1xx_hal_cortex.o
 .text.__NVIC_GetPriorityGrouping
                0x0000000008001a30       0x1c ./Drivers/STM32F1xx_HAL_Driver/Src/stm32f1xx_hal_cortex.o
 .text.__NVIC_EnableIRQ
                0x0000000008001a4c       0x38 ./Drivers/STM32F1xx_HAL_Driver/Src/stm32f1xx_hal_cortex.o
 .text.__NVIC_SetPriority
                0x0000000008001a84       0x54 ./Drivers/STM32F1xx_HAL_Driver/Src/stm32f1xx_hal_cortex.o
 .text.NVIC_EncodePriority
                0x0000000008001ad8       0x64 ./Drivers/STM32F1xx_HAL_Driver/Src/stm32f1xx_hal_cortex.o
 .text.SysTick_Config
                0x0000000008001b3c       0x44 ./Drivers/STM32F1xx_HAL_Driver/Src/stm32f1xx_hal_cortex.o
 .text.HAL_NVIC_SetPriorityGrouping
                0x0000000008001b80       0x16 ./Drivers/STM32F1xx_HAL_Driver/Src/stm32f1xx_hal_cortex.o
                0x0000000008001b80                HAL_NVIC_SetPriorityGrouping
 .text.HAL_NVIC_SetPriority
                0x0000000008001b96       0x38 ./Drivers/STM32F1xx_HAL_Driver/Src/stm32f1xx_hal_cortex.o
                0x0000000008001b96                HAL_NVIC_SetPriority
 .text.HAL_NVIC_EnableIRQ
                0x0000000008001bce       0x1c ./Drivers/STM32F1xx_HAL_Driver/Src/stm32f1xx_hal_cortex.o
                0x0000000008001bce                HAL_NVIC_EnableIRQ
 .text.HAL_SYSTICK_Config
                0x0000000008001bea       0x18 ./Drivers/STM32F1xx_HAL_Driver/Src/stm32f1xx_hal_cortex.o
                0x0000000008001bea                HAL_SYSTICK_Config
 *fill*         0x0000000008001c02        0x2 
 .text.HAL_GPIO_Init
                0x0000000008001c04      0x2f4 ./Drivers/STM32F1xx_HAL_Driver/Src/stm32f1xx_hal_gpio.o
                0x0000000008001c04                HAL_GPIO_Init
 .text.HAL_GPIO_ReadPin
                0x0000000008001ef8       0x2e ./Drivers/STM32F1xx_HAL_Driver/Src/stm32f1xx_hal_gpio.o
                0x0000000008001ef8                HAL_GPIO_ReadPin
 .text.HAL_GPIO_WritePin
                0x0000000008001f26       0x30 ./Drivers/STM32F1xx_HAL_Driver/Src/stm32f1xx_hal_gpio.o
                0x0000000008001f26                HAL_GPIO_WritePin
 .text.HAL_GPIO_TogglePin
                0x0000000008001f56       0x32 ./Drivers/STM32F1xx_HAL_Driver/Src/stm32f1xx_hal_gpio.o
                0x0000000008001f56                HAL_GPIO_TogglePin
 .text.HAL_RCC_OscConfig
                0x0000000008001f88      0x500 ./Drivers/STM32F1xx_HAL_Driver/Src/stm32f1xx_hal_rcc.o
                0x0000000008001f88                HAL_RCC_OscConfig
 .text.HAL_RCC_ClockConfig
                0x0000000008002488      0x1d4 ./Drivers/STM32F1xx_HAL_Driver/Src/stm32f1xx_hal_rcc.o
                0x0000000008002488                HAL_RCC_ClockConfig
 .text.HAL_RCC_GetSysClockFreq
                0x000000000800265c       0xa8 ./Drivers/STM32F1xx_HAL_Driver/Src/stm32f1xx_hal_rcc.o
                0x000000000800265c                HAL_RCC_GetSysClockFreq
 .text.RCC_Delay
                0x0000000008002704       0x3c ./Drivers/STM32F1xx_HAL_Driver/Src/stm32f1xx_hal_rcc.o
 .text.HAL_TIM_Base_Init
                0x0000000008002740       0x9e ./Drivers/STM32F1xx_HAL_Driver/Src/stm32f1xx_hal_tim.o
                0x0000000008002740                HAL_TIM_Base_Init
 *fill*         0x00000000080027de        0x2 
 .text.HAL_TIM_Base_Start_IT
                0x00000000080027e0       0x98 ./Drivers/STM32F1xx_HAL_Driver/Src/stm32f1xx_hal_tim.o
                0x00000000080027e0                HAL_TIM_Base_Start_IT
 .text.HAL_TIM_IRQHandler
                0x0000000008002878      0x210 ./Drivers/STM32F1xx_HAL_Driver/Src/stm32f1xx_hal_tim.o
                0x0000000008002878                HAL_TIM_IRQHandler
 .text.HAL_TIM_ConfigClockSource
                0x0000000008002a88      0x18e ./Drivers/STM32F1xx_HAL_Driver/Src/stm32f1xx_hal_tim.o
                0x0000000008002a88                HAL_TIM_ConfigClockSource
 .text.HAL_TIM_OC_DelayElapsedCallback
                0x0000000008002c16       0x12 ./Drivers/STM32F1xx_HAL_Driver/Src/stm32f1xx_hal_tim.o
                0x0000000008002c16                HAL_TIM_OC_DelayElapsedCallback
 .text.HAL_TIM_IC_CaptureCallback
                0x0000000008002c28       0x12 ./Drivers/STM32F1xx_HAL_Driver/Src/stm32f1xx_hal_tim.o
                0x0000000008002c28                HAL_TIM_IC_CaptureCallback
 .text.HAL_TIM_PWM_PulseFinishedCallback
                0x0000000008002c3a       0x12 ./Drivers/STM32F1xx_HAL_Driver/Src/stm32f1xx_hal_tim.o
                0x0000000008002c3a                HAL_TIM_PWM_PulseFinishedCallback
 .text.HAL_TIM_TriggerCallback
                0x0000000008002c4c       0x12 ./Drivers/STM32F1xx_HAL_Driver/Src/stm32f1xx_hal_tim.o
                0x0000000008002c4c                HAL_TIM_TriggerCallback
 *fill*         0x0000000008002c5e        0x2 
 .text.TIM_Base_SetConfig
                0x0000000008002c60       0xb0 ./Drivers/STM32F1xx_HAL_Driver/Src/stm32f1xx_hal_tim.o
                0x0000000008002c60                TIM_Base_SetConfig
 .text.TIM_TI1_ConfigInputStage
                0x0000000008002d10       0x5c ./Drivers/STM32F1xx_HAL_Driver/Src/stm32f1xx_hal_tim.o
 .text.TIM_TI2_ConfigInputStage
                0x0000000008002d6c       0x5e ./Drivers/STM32F1xx_HAL_Driver/Src/stm32f1xx_hal_tim.o
 .text.TIM_ITRx_SetConfig
                0x0000000008002dca       0x34 ./Drivers/STM32F1xx_HAL_Driver/Src/stm32f1xx_hal_tim.o
 .text.TIM_ETR_SetConfig
                0x0000000008002dfe       0x3e ./Drivers/STM32F1xx_HAL_Driver/Src/stm32f1xx_hal_tim.o
                0x0000000008002dfe                TIM_ETR_SetConfig
 .text.HAL_TIMEx_MasterConfigSynchronization
                0x0000000008002e3c       0xb0 ./Drivers/STM32F1xx_HAL_Driver/Src/stm32f1xx_hal_tim_ex.o
                0x0000000008002e3c                HAL_TIMEx_MasterConfigSynchronization
 .text.HAL_TIMEx_CommutCallback
                0x0000000008002eec       0x12 ./Drivers/STM32F1xx_HAL_Driver/Src/stm32f1xx_hal_tim_ex.o
                0x0000000008002eec                HAL_TIMEx_CommutCallback
 .text.HAL_TIMEx_BreakCallback
                0x0000000008002efe       0x12 ./Drivers/STM32F1xx_HAL_Driver/Src/stm32f1xx_hal_tim_ex.o
                0x0000000008002efe                HAL_TIMEx_BreakCallback
 .text.__libc_init_array
                0x0000000008002f10       0x48 c:/st/stm32cubeide_1.7.0/stm32cubeide/plugins/com.st.stm32cube.ide.mcu.externaltools.gnu-tools-for-stm32.9-2020-q2-update.win32_2.0.0.202105311346/tools/bin/../lib/gcc/arm-none-eabi/9.3.1/../../../../arm-none-eabi/lib/thumb/v7-m/nofp\libc_nano.a(lib_a-init.o)
                0x0000000008002f10                __libc_init_array
 .text.memset   0x0000000008002f58       0x10 c:/st/stm32cubeide_1.7.0/stm32cubeide/plugins/com.st.stm32cube.ide.mcu.externaltools.gnu-tools-for-stm32.9-2020-q2-update.win32_2.0.0.202105311346/tools/bin/../lib/gcc/arm-none-eabi/9.3.1/../../../../arm-none-eabi/lib/thumb/v7-m/nofp\libc_nano.a(lib_a-memset.o)
                0x0000000008002f58                memset
 *(.glue_7)
 .glue_7        0x0000000008002f68        0x0 linker stubs
 *(.glue_7t)
 .glue_7t       0x0000000008002f68        0x0 linker stubs
 *(.eh_frame)
 .eh_frame      0x0000000008002f68        0x0 c:/st/stm32cubeide_1.7.0/stm32cubeide/plugins/com.st.stm32cube.ide.mcu.externaltools.gnu-tools-for-stm32.9-2020-q2-update.win32_2.0.0.202105311346/tools/bin/../lib/gcc/arm-none-eabi/9.3.1/thumb/v7-m/nofp/crtbegin.o
 *(.init)
 .init          0x0000000008002f68        0x4 c:/st/stm32cubeide_1.7.0/stm32cubeide/plugins/com.st.stm32cube.ide.mcu.externaltools.gnu-tools-for-stm32.9-2020-q2-update.win32_2.0.0.202105311346/tools/bin/../lib/gcc/arm-none-eabi/9.3.1/thumb/v7-m/nofp/crti.o
                0x0000000008002f68                _init
 .init          0x0000000008002f6c        0x8 c:/st/stm32cubeide_1.7.0/stm32cubeide/plugins/com.st.stm32cube.ide.mcu.externaltools.gnu-tools-for-stm32.9-2020-q2-update.win32_2.0.0.202105311346/tools/bin/../lib/gcc/arm-none-eabi/9.3.1/thumb/v7-m/nofp/crtn.o
 *(.fini)
 .fini          0x0000000008002f74        0x4 c:/st/stm32cubeide_1.7.0/stm32cubeide/plugins/com.st.stm32cube.ide.mcu.externaltools.gnu-tools-for-stm32.9-2020-q2-update.win32_2.0.0.202105311346/tools/bin/../lib/gcc/arm-none-eabi/9.3.1/thumb/v7-m/nofp/crti.o
                0x0000000008002f74                _fini
 .fini          0x0000000008002f78        0x8 c:/st/stm32cubeide_1.7.0/stm32cubeide/plugins/com.st.stm32cube.ide.mcu.externaltools.gnu-tools-for-stm32.9-2020-q2-update.win32_2.0.0.202105311346/tools/bin/../lib/gcc/arm-none-eabi/9.3.1/thumb/v7-m/nofp/crtn.o
                0x0000000008002f80                . = ALIGN (0x4)
                0x0000000008002f80                _etext = .

.vfp11_veneer   0x0000000008002f80        0x0
 .vfp11_veneer  0x0000000008002f80        0x0 linker stubs

.v4_bx          0x0000000008002f80        0x0
 .v4_bx         0x0000000008002f80        0x0 linker stubs

.iplt           0x0000000008002f80        0x0
 .iplt          0x0000000008002f80        0x0 c:/st/stm32cubeide_1.7.0/stm32cubeide/plugins/com.st.stm32cube.ide.mcu.externaltools.gnu-tools-for-stm32.9-2020-q2-update.win32_2.0.0.202105311346/tools/bin/../lib/gcc/arm-none-eabi/9.3.1/thumb/v7-m/nofp/crtbegin.o

.rodata         0x0000000008002f80       0x24
                0x0000000008002f80                . = ALIGN (0x4)
 *(.rodata)
 *(.rodata*)
 .rodata.AHBPrescTable
                0x0000000008002f80       0x10 ./Core/Src/system_stm32f1xx.o
                0x0000000008002f80                AHBPrescTable
 .rodata.aPLLMULFactorTable.6032
                0x0000000008002f90       0x10 ./Drivers/STM32F1xx_HAL_Driver/Src/stm32f1xx_hal_rcc.o
 .rodata.aPredivFactorTable.6033
                0x0000000008002fa0        0x2 ./Drivers/STM32F1xx_HAL_Driver/Src/stm32f1xx_hal_rcc.o
                0x0000000008002fa4                . = ALIGN (0x4)
 *fill*         0x0000000008002fa2        0x2 

.rel.dyn        0x0000000008002fa4        0x0
 .rel.iplt      0x0000000008002fa4        0x0 c:/st/stm32cubeide_1.7.0/stm32cubeide/plugins/com.st.stm32cube.ide.mcu.externaltools.gnu-tools-for-stm32.9-2020-q2-update.win32_2.0.0.202105311346/tools/bin/../lib/gcc/arm-none-eabi/9.3.1/thumb/v7-m/nofp/crtbegin.o

.ARM.extab      0x0000000008002fa4        0x0
                0x0000000008002fa4                . = ALIGN (0x4)
 *(.ARM.extab* .gnu.linkonce.armextab.*)
                0x0000000008002fa4                . = ALIGN (0x4)

.ARM            0x0000000008002fa4        0x0
                0x0000000008002fa4                . = ALIGN (0x4)
                0x0000000008002fa4                __exidx_start = .
 *(.ARM.exidx*)
                0x0000000008002fa4                __exidx_end = .
                0x0000000008002fa4                . = ALIGN (0x4)

.preinit_array  0x0000000008002fa4        0x0
                0x0000000008002fa4                . = ALIGN (0x4)
                0x0000000008002fa4                PROVIDE (__preinit_array_start = .)
 *(.preinit_array*)
                0x0000000008002fa4                PROVIDE (__preinit_array_end = .)
                0x0000000008002fa4                . = ALIGN (0x4)

.init_array     0x0000000008002fa4        0x4
                0x0000000008002fa4                . = ALIGN (0x4)
                0x0000000008002fa4                PROVIDE (__init_array_start = .)
 *(SORT_BY_NAME(.init_array.*))
 *(.init_array*)
 .init_array    0x0000000008002fa4        0x4 c:/st/stm32cubeide_1.7.0/stm32cubeide/plugins/com.st.stm32cube.ide.mcu.externaltools.gnu-tools-for-stm32.9-2020-q2-update.win32_2.0.0.202105311346/tools/bin/../lib/gcc/arm-none-eabi/9.3.1/thumb/v7-m/nofp/crtbegin.o
                0x0000000008002fa8                PROVIDE (__init_array_end = .)
                0x0000000008002fa8                . = ALIGN (0x4)

.fini_array     0x0000000008002fa8        0x4
                0x0000000008002fa8                . = ALIGN (0x4)
                [!provide]                        PROVIDE (__fini_array_start = .)
 *(SORT_BY_NAME(.fini_array.*))
 *(.fini_array*)
 .fini_array    0x0000000008002fa8        0x4 c:/st/stm32cubeide_1.7.0/stm32cubeide/plugins/com.st.stm32cube.ide.mcu.externaltools.gnu-tools-for-stm32.9-2020-q2-update.win32_2.0.0.202105311346/tools/bin/../lib/gcc/arm-none-eabi/9.3.1/thumb/v7-m/nofp/crtbegin.o
                [!provide]                        PROVIDE (__fini_array_end = .)
                0x0000000008002fac                . = ALIGN (0x4)
                0x0000000008002fac                _sidata = LOADADDR (.data)

.data           0x0000000020000000       0x38 load address 0x0000000008002fac
                0x0000000020000000                . = ALIGN (0x4)
                0x0000000020000000                _sdata = .
 *(.data)
 *(.data*)
 .data.green_time
                0x0000000020000000        0x4 ./Core/Src/handle_FSM.o
                0x0000000020000000                green_time
 .data.red_time
                0x0000000020000004        0x4 ./Core/Src/handle_FSM.o
                0x0000000020000004                red_time
 .data.amber_time
                0x0000000020000008        0x4 ./Core/Src/handle_FSM.o
                0x0000000020000008                amber_time
 .data.green_time_increase
                0x000000002000000c        0x4 ./Core/Src/handle_FSM.o
                0x000000002000000c                green_time_increase
 .data.red_time_increase
                0x0000000020000010        0x4 ./Core/Src/handle_FSM.o
                0x0000000020000010                red_time_increase
 .data.amber_time_increase
                0x0000000020000014        0x4 ./Core/Src/handle_FSM.o
                0x0000000020000014                amber_time_increase
 .data.BUTTON_PIN
                0x0000000020000018        0x6 ./Core/Src/input_reading.o
                0x0000000020000018                BUTTON_PIN
 *fill*         0x000000002000001e        0x2 
 .data.TimeOutForKeyProcess
                0x0000000020000020        0xc ./Core/Src/input_reading.o
                0x0000000020000020                TimeOutForKeyProcess
 .data.SystemCoreClock
                0x000000002000002c        0x4 ./Core/Src/system_stm32f1xx.o
                0x000000002000002c                SystemCoreClock
 .data.uwTickPrio
                0x0000000020000030        0x4 ./Drivers/STM32F1xx_HAL_Driver/Src/stm32f1xx_hal.o
                0x0000000020000030                uwTickPrio
 .data.uwTickFreq
                0x0000000020000034        0x1 ./Drivers/STM32F1xx_HAL_Driver/Src/stm32f1xx_hal.o
                0x0000000020000034                uwTickFreq
 *(.RamFunc)
 *(.RamFunc*)
                0x0000000020000038                . = ALIGN (0x4)
 *fill*         0x0000000020000035        0x3 
                0x0000000020000038                _edata = .

.igot.plt       0x0000000020000038        0x0 load address 0x0000000008002fe4
 .igot.plt      0x0000000020000038        0x0 c:/st/stm32cubeide_1.7.0/stm32cubeide/plugins/com.st.stm32cube.ide.mcu.externaltools.gnu-tools-for-stm32.9-2020-q2-update.win32_2.0.0.202105311346/tools/bin/../lib/gcc/arm-none-eabi/9.3.1/thumb/v7-m/nofp/crtbegin.o
                0x0000000020000038                . = ALIGN (0x4)

.bss            0x0000000020000038       0xe0 load address 0x0000000008002fe4
                0x0000000020000038                _sbss = .
                0x0000000020000038                __bss_start__ = _sbss
 *(.bss)
 .bss           0x0000000020000038       0x1c c:/st/stm32cubeide_1.7.0/stm32cubeide/plugins/com.st.stm32cube.ide.mcu.externaltools.gnu-tools-for-stm32.9-2020-q2-update.win32_2.0.0.202105311346/tools/bin/../lib/gcc/arm-none-eabi/9.3.1/thumb/v7-m/nofp/crtbegin.o
 *(.bss*)
 .bss.display_7seg_road_1
                0x0000000020000054        0x4 ./Core/Src/handle_FSM.o
                0x0000000020000054                display_7seg_road_1
 .bss.display_7seg_road_2
                0x0000000020000058        0x4 ./Core/Src/handle_FSM.o
                0x0000000020000058                display_7seg_road_2
 .bss.index_7seg_led
                0x000000002000005c        0x4 ./Core/Src/handle_FSM.o
                0x000000002000005c                index_7seg_led
 .bss.current_state
                0x0000000020000060        0x1 ./Core/Src/handle_FSM.o
                0x0000000020000060                current_state
 *fill*         0x0000000020000061        0x3 
 .bss.KeyReg0   0x0000000020000064        0xc ./Core/Src/input_reading.o
                0x0000000020000064                KeyReg0
 .bss.KeyReg1   0x0000000020000070        0xc ./Core/Src/input_reading.o
                0x0000000020000070                KeyReg1
 .bss.KeyReg2   0x000000002000007c        0xc ./Core/Src/input_reading.o
                0x000000002000007c                KeyReg2
 .bss.KeyReg3   0x0000000020000088        0xc ./Core/Src/input_reading.o
                0x0000000020000088                KeyReg3
 .bss.button_flag
                0x0000000020000094        0xc ./Core/Src/input_reading.o
                0x0000000020000094                button_flag
 .bss.counter1  0x00000000200000a0        0x4 ./Core/Src/software_timer.o
                0x00000000200000a0                counter1
 .bss.transfer_flag
                0x00000000200000a4        0x4 ./Core/Src/software_timer.o
                0x00000000200000a4                transfer_flag
 .bss.counter3  0x00000000200000a8        0x4 ./Core/Src/software_timer.o
                0x00000000200000a8                counter3
 .bss.display_7seg_flag
                0x00000000200000ac        0x4 ./Core/Src/software_timer.o
                0x00000000200000ac                display_7seg_flag
 .bss.counter4  0x00000000200000b0        0x4 ./Core/Src/software_timer.o
                0x00000000200000b0                counter4
 .bss.led_man_flag
                0x00000000200000b4        0x4 ./Core/Src/software_timer.o
                0x00000000200000b4                led_man_flag
 *(COMMON)
 COMMON         0x00000000200000b8       0x10 ./Core/Src/7_seg_led.o
                0x00000000200000b8                led_buffer
 COMMON         0x00000000200000c8       0x4c ./Core/Src/main.o
                0x00000000200000c8                TIMER_INTERRUPT
                0x00000000200000cc                htim2
 COMMON         0x0000000020000114        0x4 ./Drivers/STM32F1xx_HAL_Driver/Src/stm32f1xx_hal.o
                0x0000000020000114                uwTick
                0x0000000020000118                . = ALIGN (0x4)
                0x0000000020000118                _ebss = .
                0x0000000020000118                __bss_end__ = _ebss

._user_heap_stack
                0x0000000020000118      0x600 load address 0x0000000008002fe4
                0x0000000020000118                . = ALIGN (0x8)
                [!provide]                        PROVIDE (end = .)
                0x0000000020000118                PROVIDE (_end = .)
                0x0000000020000318                . = (. + _Min_Heap_Size)
 *fill*         0x0000000020000118      0x200 
                0x0000000020000718                . = (. + _Min_Stack_Size)
 *fill*         0x0000000020000318      0x400 
                0x0000000020000718                . = ALIGN (0x8)

/DISCARD/
 libc.a(*)
 libm.a(*)
 libgcc.a(*)

.ARM.attributes
                0x0000000000000000       0x29
 *(.ARM.attributes)
 .ARM.attributes
                0x0000000000000000       0x1d c:/st/stm32cubeide_1.7.0/stm32cubeide/plugins/com.st.stm32cube.ide.mcu.externaltools.gnu-tools-for-stm32.9-2020-q2-update.win32_2.0.0.202105311346/tools/bin/../lib/gcc/arm-none-eabi/9.3.1/thumb/v7-m/nofp/crti.o
 .ARM.attributes
                0x000000000000001d       0x2d c:/st/stm32cubeide_1.7.0/stm32cubeide/plugins/com.st.stm32cube.ide.mcu.externaltools.gnu-tools-for-stm32.9-2020-q2-update.win32_2.0.0.202105311346/tools/bin/../lib/gcc/arm-none-eabi/9.3.1/thumb/v7-m/nofp/crtbegin.o
 .ARM.attributes
                0x000000000000004a       0x2d ./Core/Src/7_seg_led.o
 .ARM.attributes
                0x0000000000000077       0x2d ./Core/Src/LED_traffic.o
 .ARM.attributes
                0x00000000000000a4       0x2d ./Core/Src/handle_FSM.o
 .ARM.attributes
                0x00000000000000d1       0x2d ./Core/Src/input_reading.o
 .ARM.attributes
                0x00000000000000fe       0x2d ./Core/Src/main.o
 .ARM.attributes
                0x000000000000012b       0x2d ./Core/Src/software_timer.o
 .ARM.attributes
                0x0000000000000158       0x2d ./Core/Src/stm32f1xx_hal_msp.o
 .ARM.attributes
                0x0000000000000185       0x2d ./Core/Src/stm32f1xx_it.o
 .ARM.attributes
                0x00000000000001b2       0x2d ./Core/Src/system_stm32f1xx.o
 .ARM.attributes
                0x00000000000001df       0x21 ./Core/Startup/startup_stm32f103c6ux.o
 .ARM.attributes
                0x0000000000000200       0x2d ./Drivers/STM32F1xx_HAL_Driver/Src/stm32f1xx_hal.o
 .ARM.attributes
                0x000000000000022d       0x2d ./Drivers/STM32F1xx_HAL_Driver/Src/stm32f1xx_hal_cortex.o
 .ARM.attributes
                0x000000000000025a       0x2d ./Drivers/STM32F1xx_HAL_Driver/Src/stm32f1xx_hal_gpio.o
 .ARM.attributes
                0x0000000000000287       0x2d ./Drivers/STM32F1xx_HAL_Driver/Src/stm32f1xx_hal_rcc.o
 .ARM.attributes
                0x00000000000002b4       0x2d ./Drivers/STM32F1xx_HAL_Driver/Src/stm32f1xx_hal_tim.o
 .ARM.attributes
                0x00000000000002e1       0x2d ./Drivers/STM32F1xx_HAL_Driver/Src/stm32f1xx_hal_tim_ex.o
 .ARM.attributes
                0x000000000000030e       0x2d c:/st/stm32cubeide_1.7.0/stm32cubeide/plugins/com.st.stm32cube.ide.mcu.externaltools.gnu-tools-for-stm32.9-2020-q2-update.win32_2.0.0.202105311346/tools/bin/../lib/gcc/arm-none-eabi/9.3.1/../../../../arm-none-eabi/lib/thumb/v7-m/nofp\libc_nano.a(lib_a-init.o)
 .ARM.attributes
                0x000000000000033b       0x2d c:/st/stm32cubeide_1.7.0/stm32cubeide/plugins/com.st.stm32cube.ide.mcu.externaltools.gnu-tools-for-stm32.9-2020-q2-update.win32_2.0.0.202105311346/tools/bin/../lib/gcc/arm-none-eabi/9.3.1/../../../../arm-none-eabi/lib/thumb/v7-m/nofp\libc_nano.a(lib_a-memset.o)
 .ARM.attributes
                0x0000000000000368       0x1d c:/st/stm32cubeide_1.7.0/stm32cubeide/plugins/com.st.stm32cube.ide.mcu.externaltools.gnu-tools-for-stm32.9-2020-q2-update.win32_2.0.0.202105311346/tools/bin/../lib/gcc/arm-none-eabi/9.3.1/thumb/v7-m/nofp/crtn.o
OUTPUT(LAB3_EXERCISE.elf elf32-littlearm)
LOAD linker stubs
LOAD c:/st/stm32cubeide_1.7.0/stm32cubeide/plugins/com.st.stm32cube.ide.mcu.externaltools.gnu-tools-for-stm32.9-2020-q2-update.win32_2.0.0.202105311346/tools/bin/../lib/gcc/arm-none-eabi/9.3.1/../../../../arm-none-eabi/lib/thumb/v7-m/nofp\libc.a
LOAD c:/st/stm32cubeide_1.7.0/stm32cubeide/plugins/com.st.stm32cube.ide.mcu.externaltools.gnu-tools-for-stm32.9-2020-q2-update.win32_2.0.0.202105311346/tools/bin/../lib/gcc/arm-none-eabi/9.3.1/../../../../arm-none-eabi/lib/thumb/v7-m/nofp\libm.a
LOAD c:/st/stm32cubeide_1.7.0/stm32cubeide/plugins/com.st.stm32cube.ide.mcu.externaltools.gnu-tools-for-stm32.9-2020-q2-update.win32_2.0.0.202105311346/tools/bin/../lib/gcc/arm-none-eabi/9.3.1/thumb/v7-m/nofp\libgcc.a

.debug_info     0x0000000000000000     0xadc4
 .debug_info    0x0000000000000000      0xbbe ./Core/Src/7_seg_led.o
 .debug_info    0x0000000000000bbe      0x2e1 ./Core/Src/LED_traffic.o
 .debug_info    0x0000000000000e9f      0xc11 ./Core/Src/handle_FSM.o
 .debug_info    0x0000000000001ab0      0x39d ./Core/Src/input_reading.o
 .debug_info    0x0000000000001e4d     0x1559 ./Core/Src/main.o
 .debug_info    0x00000000000033a6      0x14d ./Core/Src/software_timer.o
 .debug_info    0x00000000000034f3      0xa09 ./Core/Src/stm32f1xx_hal_msp.o
 .debug_info    0x0000000000003efc      0x7b9 ./Core/Src/stm32f1xx_it.o
 .debug_info    0x00000000000046b5      0x2be ./Core/Src/system_stm32f1xx.o
 .debug_info    0x0000000000004973       0x22 ./Core/Startup/startup_stm32f103c6ux.o
 .debug_info    0x0000000000004995      0x74c ./Drivers/STM32F1xx_HAL_Driver/Src/stm32f1xx_hal.o
 .debug_info    0x00000000000050e1      0xbbe ./Drivers/STM32F1xx_HAL_Driver/Src/stm32f1xx_hal_cortex.o
 .debug_info    0x0000000000005c9f      0x701 ./Drivers/STM32F1xx_HAL_Driver/Src/stm32f1xx_hal_gpio.o
 .debug_info    0x00000000000063a0      0x893 ./Drivers/STM32F1xx_HAL_Driver/Src/stm32f1xx_hal_rcc.o
 .debug_info    0x0000000000006c33     0x2c12 ./Drivers/STM32F1xx_HAL_Driver/Src/stm32f1xx_hal_tim.o
 .debug_info    0x0000000000009845     0x157f ./Drivers/STM32F1xx_HAL_Driver/Src/stm32f1xx_hal_tim_ex.o

.debug_abbrev   0x0000000000000000     0x1c8e
 .debug_abbrev  0x0000000000000000      0x236 ./Core/Src/7_seg_led.o
 .debug_abbrev  0x0000000000000236       0xff ./Core/Src/LED_traffic.o
 .debug_abbrev  0x0000000000000335      0x1ec ./Core/Src/handle_FSM.o
 .debug_abbrev  0x0000000000000521      0x186 ./Core/Src/input_reading.o
 .debug_abbrev  0x00000000000006a7      0x298 ./Core/Src/main.o
 .debug_abbrev  0x000000000000093f       0xa3 ./Core/Src/software_timer.o
 .debug_abbrev  0x00000000000009e2      0x1b7 ./Core/Src/stm32f1xx_hal_msp.o
 .debug_abbrev  0x0000000000000b99      0x176 ./Core/Src/stm32f1xx_it.o
 .debug_abbrev  0x0000000000000d0f      0x14e ./Core/Src/system_stm32f1xx.o
 .debug_abbrev  0x0000000000000e5d       0x12 ./Core/Startup/startup_stm32f103c6ux.o
 .debug_abbrev  0x0000000000000e6f      0x1ed ./Drivers/STM32F1xx_HAL_Driver/Src/stm32f1xx_hal.o
 .debug_abbrev  0x000000000000105c      0x313 ./Drivers/STM32F1xx_HAL_Driver/Src/stm32f1xx_hal_cortex.o
 .debug_abbrev  0x000000000000136f      0x1e8 ./Drivers/STM32F1xx_HAL_Driver/Src/stm32f1xx_hal_gpio.o
 .debug_abbrev  0x0000000000001557      0x273 ./Drivers/STM32F1xx_HAL_Driver/Src/stm32f1xx_hal_rcc.o
 .debug_abbrev  0x00000000000017ca      0x25e ./Drivers/STM32F1xx_HAL_Driver/Src/stm32f1xx_hal_tim.o
 .debug_abbrev  0x0000000000001a28      0x266 ./Drivers/STM32F1xx_HAL_Driver/Src/stm32f1xx_hal_tim_ex.o

.debug_aranges  0x0000000000000000      0xa60
 .debug_aranges
                0x0000000000000000       0x40 ./Core/Src/7_seg_led.o
 .debug_aranges
                0x0000000000000040       0x68 ./Core/Src/LED_traffic.o
 .debug_aranges
                0x00000000000000a8       0x20 ./Core/Src/handle_FSM.o
 .debug_aranges
                0x00000000000000c8       0x30 ./Core/Src/input_reading.o
 .debug_aranges
                0x00000000000000f8       0x48 ./Core/Src/main.o
 .debug_aranges
                0x0000000000000140       0x38 ./Core/Src/software_timer.o
 .debug_aranges
                0x0000000000000178       0x30 ./Core/Src/stm32f1xx_hal_msp.o
 .debug_aranges
                0x00000000000001a8       0x68 ./Core/Src/stm32f1xx_it.o
 .debug_aranges
                0x0000000000000210       0x28 ./Core/Src/system_stm32f1xx.o
 .debug_aranges
                0x0000000000000238       0x28 ./Core/Startup/startup_stm32f103c6ux.o
 .debug_aranges
                0x0000000000000260       0xe0 ./Drivers/STM32F1xx_HAL_Driver/Src/stm32f1xx_hal.o
 .debug_aranges
                0x0000000000000340      0x100 ./Drivers/STM32F1xx_HAL_Driver/Src/stm32f1xx_hal_cortex.o
 .debug_aranges
                0x0000000000000440       0x58 ./Drivers/STM32F1xx_HAL_Driver/Src/stm32f1xx_hal_gpio.o
 .debug_aranges
                0x0000000000000498       0x90 ./Drivers/STM32F1xx_HAL_Driver/Src/stm32f1xx_hal_rcc.o
 .debug_aranges
                0x0000000000000528      0x3d0 ./Drivers/STM32F1xx_HAL_Driver/Src/stm32f1xx_hal_tim.o
 .debug_aranges
                0x00000000000008f8      0x168 ./Drivers/STM32F1xx_HAL_Driver/Src/stm32f1xx_hal_tim_ex.o

.debug_ranges   0x0000000000000000      0x968
 .debug_ranges  0x0000000000000000       0x30 ./Core/Src/7_seg_led.o
 .debug_ranges  0x0000000000000030       0x58 ./Core/Src/LED_traffic.o
 .debug_ranges  0x0000000000000088       0x10 ./Core/Src/handle_FSM.o
 .debug_ranges  0x0000000000000098       0x20 ./Core/Src/input_reading.o
 .debug_ranges  0x00000000000000b8       0x38 ./Core/Src/main.o
 .debug_ranges  0x00000000000000f0       0x28 ./Core/Src/software_timer.o
 .debug_ranges  0x0000000000000118       0x20 ./Core/Src/stm32f1xx_hal_msp.o
 .debug_ranges  0x0000000000000138       0x58 ./Core/Src/stm32f1xx_it.o
 .debug_ranges  0x0000000000000190       0x18 ./Core/Src/system_stm32f1xx.o
 .debug_ranges  0x00000000000001a8       0x20 ./Core/Startup/startup_stm32f103c6ux.o
 .debug_ranges  0x00000000000001c8       0xd0 ./Drivers/STM32F1xx_HAL_Driver/Src/stm32f1xx_hal.o
 .debug_ranges  0x0000000000000298       0xf0 ./Drivers/STM32F1xx_HAL_Driver/Src/stm32f1xx_hal_cortex.o
 .debug_ranges  0x0000000000000388       0x48 ./Drivers/STM32F1xx_HAL_Driver/Src/stm32f1xx_hal_gpio.o
 .debug_ranges  0x00000000000003d0       0x80 ./Drivers/STM32F1xx_HAL_Driver/Src/stm32f1xx_hal_rcc.o
 .debug_ranges  0x0000000000000450      0x3c0 ./Drivers/STM32F1xx_HAL_Driver/Src/stm32f1xx_hal_tim.o
 .debug_ranges  0x0000000000000810      0x158 ./Drivers/STM32F1xx_HAL_Driver/Src/stm32f1xx_hal_tim_ex.o

.debug_macro    0x0000000000000000    0x173ed
 .debug_macro   0x0000000000000000      0x2b1 ./Core/Src/7_seg_led.o
 .debug_macro   0x00000000000002b1      0xa9c ./Core/Src/7_seg_led.o
 .debug_macro   0x0000000000000d4d      0x215 ./Core/Src/7_seg_led.o
 .debug_macro   0x0000000000000f62       0x2e ./Core/Src/7_seg_led.o
 .debug_macro   0x0000000000000f90       0x22 ./Core/Src/7_seg_led.o
 .debug_macro   0x0000000000000fb2       0x22 ./Core/Src/7_seg_led.o
 .debug_macro   0x0000000000000fd4       0x8e ./Core/Src/7_seg_led.o
 .debug_macro   0x0000000000001062       0x51 ./Core/Src/7_seg_led.o
 .debug_macro   0x00000000000010b3      0x103 ./Core/Src/7_seg_led.o
 .debug_macro   0x00000000000011b6       0x6a ./Core/Src/7_seg_led.o
 .debug_macro   0x0000000000001220      0x1df ./Core/Src/7_seg_led.o
 .debug_macro   0x00000000000013ff       0x1c ./Core/Src/7_seg_led.o
 .debug_macro   0x000000000000141b       0x22 ./Core/Src/7_seg_led.o
 .debug_macro   0x000000000000143d       0xc3 ./Core/Src/7_seg_led.o
 .debug_macro   0x0000000000001500      0xd23 ./Core/Src/7_seg_led.o
 .debug_macro   0x0000000000002223     0xde75 ./Core/Src/7_seg_led.o
 .debug_macro   0x0000000000010098       0x6d ./Core/Src/7_seg_led.o
 .debug_macro   0x0000000000010105     0x348d ./Core/Src/7_seg_led.o
 .debug_macro   0x0000000000013592      0x174 ./Core/Src/7_seg_led.o
 .debug_macro   0x0000000000013706       0x5c ./Core/Src/7_seg_led.o
 .debug_macro   0x0000000000013762      0x5bc ./Core/Src/7_seg_led.o
 .debug_macro   0x0000000000013d1e      0x1b7 ./Core/Src/7_seg_led.o
 .debug_macro   0x0000000000013ed5      0x1cb ./Core/Src/7_seg_led.o
 .debug_macro   0x00000000000140a0      0x114 ./Core/Src/7_seg_led.o
 .debug_macro   0x00000000000141b4      0x1b2 ./Core/Src/7_seg_led.o
 .debug_macro   0x0000000000014366       0x27 ./Core/Src/7_seg_led.o
 .debug_macro   0x000000000001438d      0x12f ./Core/Src/7_seg_led.o
 .debug_macro   0x00000000000144bc      0x1bc ./Core/Src/7_seg_led.o
 .debug_macro   0x0000000000014678       0x34 ./Core/Src/7_seg_led.o
 .debug_macro   0x00000000000146ac       0x3c ./Core/Src/7_seg_led.o
 .debug_macro   0x00000000000146e8       0x57 ./Core/Src/7_seg_led.o
 .debug_macro   0x000000000001473f       0x87 ./Core/Src/7_seg_led.o
 .debug_macro   0x00000000000147c6      0x183 ./Core/Src/7_seg_led.o
 .debug_macro   0x0000000000014949      0x140 ./Core/Src/7_seg_led.o
 .debug_macro   0x0000000000014a89      0x8ed ./Core/Src/7_seg_led.o
 .debug_macro   0x0000000000015376       0x69 ./Core/Src/7_seg_led.o
 .debug_macro   0x00000000000153df       0x52 ./Core/Src/7_seg_led.o
 .debug_macro   0x0000000000015431       0x18 ./Core/Src/7_seg_led.o
 .debug_macro   0x0000000000015449       0x3c ./Core/Src/7_seg_led.o
 .debug_macro   0x0000000000015485       0x34 ./Core/Src/7_seg_led.o
 .debug_macro   0x00000000000154b9       0x16 ./Core/Src/7_seg_led.o
 .debug_macro   0x00000000000154cf       0x43 ./Core/Src/7_seg_led.o
 .debug_macro   0x0000000000015512       0x34 ./Core/Src/7_seg_led.o
 .debug_macro   0x0000000000015546       0x10 ./Core/Src/7_seg_led.o
 .debug_macro   0x0000000000015556       0x58 ./Core/Src/7_seg_led.o
 .debug_macro   0x00000000000155ae       0x71 ./Core/Src/7_seg_led.o
 .debug_macro   0x000000000001561f       0x1c ./Core/Src/7_seg_led.o
 .debug_macro   0x000000000001563b      0x12a ./Core/Src/7_seg_led.o
 .debug_macro   0x0000000000015765      0x333 ./Core/Src/7_seg_led.o
 .debug_macro   0x0000000000015a98       0x10 ./Core/Src/7_seg_led.o
 .debug_macro   0x0000000000015aa8       0x35 ./Core/Src/7_seg_led.o
 .debug_macro   0x0000000000015add       0x20 ./Core/Src/7_seg_led.o
 .debug_macro   0x0000000000015afd       0x16 ./Core/Src/7_seg_led.o
 .debug_macro   0x0000000000015b13       0x16 ./Core/Src/7_seg_led.o
 .debug_macro   0x0000000000015b29       0x29 ./Core/Src/7_seg_led.o
 .debug_macro   0x0000000000015b52      0x1ab ./Core/Src/LED_traffic.o
 .debug_macro   0x0000000000015cfd      0x2e7 ./Core/Src/handle_FSM.o
 .debug_macro   0x0000000000015fe4       0x28 ./Core/Src/handle_FSM.o
 .debug_macro   0x000000000001600c       0x16 ./Core/Src/handle_FSM.o
 .debug_macro   0x0000000000016022      0x1ba ./Core/Src/input_reading.o
 .debug_macro   0x00000000000161dc      0x2e7 ./Core/Src/main.o
 .debug_macro   0x00000000000164c3       0x1b ./Core/Src/software_timer.o
 .debug_macro   0x00000000000164de      0x1a1 ./Core/Src/stm32f1xx_hal_msp.o
 .debug_macro   0x000000000001667f      0x1ab ./Core/Src/stm32f1xx_it.o
 .debug_macro   0x000000000001682a      0x197 ./Core/Src/system_stm32f1xx.o
 .debug_macro   0x00000000000169c1      0x1bb ./Drivers/STM32F1xx_HAL_Driver/Src/stm32f1xx_hal.o
 .debug_macro   0x0000000000016b7c      0x197 ./Drivers/STM32F1xx_HAL_Driver/Src/stm32f1xx_hal_cortex.o
 .debug_macro   0x0000000000016d13      0x202 ./Drivers/STM32F1xx_HAL_Driver/Src/stm32f1xx_hal_gpio.o
 .debug_macro   0x0000000000016f15      0x1a9 ./Drivers/STM32F1xx_HAL_Driver/Src/stm32f1xx_hal_rcc.o
 .debug_macro   0x00000000000170be      0x198 ./Drivers/STM32F1xx_HAL_Driver/Src/stm32f1xx_hal_tim.o
 .debug_macro   0x0000000000017256      0x197 ./Drivers/STM32F1xx_HAL_Driver/Src/stm32f1xx_hal_tim_ex.o

.debug_line     0x0000000000000000     0xb85a
 .debug_line    0x0000000000000000      0x919 ./Core/Src/7_seg_led.o
 .debug_line    0x0000000000000919      0x75e ./Core/Src/LED_traffic.o
 .debug_line    0x0000000000001077      0xad9 ./Core/Src/handle_FSM.o
 .debug_line    0x0000000000001b50      0x72e ./Core/Src/input_reading.o
 .debug_line    0x000000000000227e      0x96b ./Core/Src/main.o
 .debug_line    0x0000000000002be9       0xf5 ./Core/Src/software_timer.o
 .debug_line    0x0000000000002cde      0x6a1 ./Core/Src/stm32f1xx_hal_msp.o
 .debug_line    0x000000000000337f      0x73f ./Core/Src/stm32f1xx_it.o
 .debug_line    0x0000000000003abe      0x6e3 ./Core/Src/system_stm32f1xx.o
 .debug_line    0x00000000000041a1       0x86 ./Core/Startup/startup_stm32f103c6ux.o
 .debug_line    0x0000000000004227      0x910 ./Drivers/STM32F1xx_HAL_Driver/Src/stm32f1xx_hal.o
 .debug_line    0x0000000000004b37      0xaf8 ./Drivers/STM32F1xx_HAL_Driver/Src/stm32f1xx_hal_cortex.o
 .debug_line    0x000000000000562f      0x993 ./Drivers/STM32F1xx_HAL_Driver/Src/stm32f1xx_hal_gpio.o
 .debug_line    0x0000000000005fc2      0xd1c ./Drivers/STM32F1xx_HAL_Driver/Src/stm32f1xx_hal_rcc.o
 .debug_line    0x0000000000006cde     0x3346 ./Drivers/STM32F1xx_HAL_Driver/Src/stm32f1xx_hal_tim.o
 .debug_line    0x000000000000a024     0x1836 ./Drivers/STM32F1xx_HAL_Driver/Src/stm32f1xx_hal_tim_ex.o

.debug_str      0x0000000000000000    0x8537b
 .debug_str     0x0000000000000000    0x82625 ./Core/Src/7_seg_led.o
                                      0x829fa (size before relaxing)
 .debug_str     0x0000000000082625       0xa9 ./Core/Src/LED_traffic.o
                                      0x7f723 (size before relaxing)
 .debug_str     0x00000000000826ce      0x283 ./Core/Src/handle_FSM.o
                                      0x82bf8 (size before relaxing)
 .debug_str     0x0000000000082951       0x73 ./Core/Src/input_reading.o
                                      0x7f809 (size before relaxing)
 .debug_str     0x00000000000829c4      0x715 ./Core/Src/main.o
                                      0x8335b (size before relaxing)
 .debug_str     0x00000000000830d9       0x60 ./Core/Src/software_timer.o
                                       0x2e11 (size before relaxing)
 .debug_str     0x0000000000083139      0x2ba ./Core/Src/stm32f1xx_hal_msp.o
                                      0x7fe6e (size before relaxing)
 .debug_str     0x00000000000833f3       0xcd ./Core/Src/stm32f1xx_it.o
                                      0x7fbd0 (size before relaxing)
 .debug_str     0x00000000000834c0       0x52 ./Core/Src/system_stm32f1xx.o
                                      0x7f6d6 (size before relaxing)
 .debug_str     0x0000000000083512       0x36 ./Core/Startup/startup_stm32f103c6ux.o
                                         0x65 (size before relaxing)
 .debug_str     0x0000000000083548      0x304 ./Drivers/STM32F1xx_HAL_Driver/Src/stm32f1xx_hal.o
                                      0x7fd2d (size before relaxing)
 .debug_str     0x000000000008384c      0x300 ./Drivers/STM32F1xx_HAL_Driver/Src/stm32f1xx_hal_cortex.o
                                      0x7fd35 (size before relaxing)
 .debug_str     0x0000000000083b4c      0x324 ./Drivers/STM32F1xx_HAL_Driver/Src/stm32f1xx_hal_gpio.o
                                      0x7fa9a (size before relaxing)
 .debug_str     0x0000000000083e70      0x24f ./Drivers/STM32F1xx_HAL_Driver/Src/stm32f1xx_hal_rcc.o
                                      0x7fad3 (size before relaxing)
 .debug_str     0x00000000000840bf      0xdce ./Drivers/STM32F1xx_HAL_Driver/Src/stm32f1xx_hal_tim.o
                                      0x80aac (size before relaxing)
 .debug_str     0x0000000000084e8d      0x4ee ./Drivers/STM32F1xx_HAL_Driver/Src/stm32f1xx_hal_tim_ex.o
                                      0x8025d (size before relaxing)

.comment        0x0000000000000000       0x53
 .comment       0x0000000000000000       0x53 ./Core/Src/7_seg_led.o
                                         0x54 (size before relaxing)
 .comment       0x0000000000000053       0x54 ./Core/Src/LED_traffic.o
 .comment       0x0000000000000053       0x54 ./Core/Src/handle_FSM.o
 .comment       0x0000000000000053       0x54 ./Core/Src/input_reading.o
 .comment       0x0000000000000053       0x54 ./Core/Src/main.o
 .comment       0x0000000000000053       0x54 ./Core/Src/software_timer.o
 .comment       0x0000000000000053       0x54 ./Core/Src/stm32f1xx_hal_msp.o
 .comment       0x0000000000000053       0x54 ./Core/Src/stm32f1xx_it.o
 .comment       0x0000000000000053       0x54 ./Core/Src/system_stm32f1xx.o
 .comment       0x0000000000000053       0x54 ./Drivers/STM32F1xx_HAL_Driver/Src/stm32f1xx_hal.o
 .comment       0x0000000000000053       0x54 ./Drivers/STM32F1xx_HAL_Driver/Src/stm32f1xx_hal_cortex.o
 .comment       0x0000000000000053       0x54 ./Drivers/STM32F1xx_HAL_Driver/Src/stm32f1xx_hal_gpio.o
 .comment       0x0000000000000053       0x54 ./Drivers/STM32F1xx_HAL_Driver/Src/stm32f1xx_hal_rcc.o
 .comment       0x0000000000000053       0x54 ./Drivers/STM32F1xx_HAL_Driver/Src/stm32f1xx_hal_tim.o
 .comment       0x0000000000000053       0x54 ./Drivers/STM32F1xx_HAL_Driver/Src/stm32f1xx_hal_tim_ex.o

.debug_frame    0x0000000000000000     0x2910
 .debug_frame   0x0000000000000000       0xc8 ./Core/Src/7_seg_led.o
 .debug_frame   0x00000000000000c8      0x128 ./Core/Src/LED_traffic.o
 .debug_frame   0x00000000000001f0       0x2c ./Core/Src/handle_FSM.o
 .debug_frame   0x000000000000021c       0x84 ./Core/Src/input_reading.o
 .debug_frame   0x00000000000002a0       0xd4 ./Core/Src/main.o
 .debug_frame   0x0000000000000374       0xa8 ./Core/Src/software_timer.o
 .debug_frame   0x000000000000041c       0x80 ./Core/Src/stm32f1xx_hal_msp.o
 .debug_frame   0x000000000000049c      0x120 ./Core/Src/stm32f1xx_it.o
 .debug_frame   0x00000000000005bc       0x58 ./Core/Src/system_stm32f1xx.o
 .debug_frame   0x0000000000000614      0x334 ./Drivers/STM32F1xx_HAL_Driver/Src/stm32f1xx_hal.o
 .debug_frame   0x0000000000000948      0x428 ./Drivers/STM32F1xx_HAL_Driver/Src/stm32f1xx_hal_cortex.o
 .debug_frame   0x0000000000000d70      0x14c ./Drivers/STM32F1xx_HAL_Driver/Src/stm32f1xx_hal_gpio.o
 .debug_frame   0x0000000000000ebc      0x218 ./Drivers/STM32F1xx_HAL_Driver/Src/stm32f1xx_hal_rcc.o
 .debug_frame   0x00000000000010d4     0x11b8 ./Drivers/STM32F1xx_HAL_Driver/Src/stm32f1xx_hal_tim.o
 .debug_frame   0x000000000000228c      0x638 ./Drivers/STM32F1xx_HAL_Driver/Src/stm32f1xx_hal_tim_ex.o
 .debug_frame   0x00000000000028c4       0x2c c:/st/stm32cubeide_1.7.0/stm32cubeide/plugins/com.st.stm32cube.ide.mcu.externaltools.gnu-tools-for-stm32.9-2020-q2-update.win32_2.0.0.202105311346/tools/bin/../lib/gcc/arm-none-eabi/9.3.1/../../../../arm-none-eabi/lib/thumb/v7-m/nofp\libc_nano.a(lib_a-init.o)
 .debug_frame   0x00000000000028f0       0x20 c:/st/stm32cubeide_1.7.0/stm32cubeide/plugins/com.st.stm32cube.ide.mcu.externaltools.gnu-tools-for-stm32.9-2020-q2-update.win32_2.0.0.202105311346/tools/bin/../lib/gcc/arm-none-eabi/9.3.1/../../../../arm-none-eabi/lib/thumb/v7-m/nofp\libc_nano.a(lib_a-memset.o)
